  ≡ƒª₧ Setting GPT OSS 120B as OpenClaw defaultΓÇª
  Provider: groq
  Model: groq/openai/gpt-oss-120b

  Γ£ô Default model set to: fcm-groq/openai/gpt-oss-120b

  ≡ƒôä Config updated: C:\Users\Seraj\AppData\Local\Temp\fcm-openclaw-launch-7772-1775560125077\openclaw\openclaw.json
  ≡ƒöæ API key synced under config env.GROQ_API_KEY

  ≡ƒÆí OpenClaw will reload config automatically when it notices the file change.
     To apply manually: openclaw models set fcm-groq/openai/gpt-oss-120b

Γû╢ command palette fuzzy search
  [32mΓ£ö matches in-order characters and returns highlight positions [90m(1.9816ms)[39m[39m
  [32mΓ£ö returns no match when query letters are missing [90m(0.2994ms)[39m[39m
  [32mΓ£ö ranks direct label matches above keyword-only matches [90m(1.7116ms)[39m[39m
  [32mΓ£ö keeps a stable category+label order when scores tie [90m(13.6275ms)[39m[39m
  [32mΓ£ö exposes explicit ping mode commands in the action submenu [90m(0.6353ms)[39m[39m
  [32mΓ£ö exposes explicit tool and favorites mode commands in the action submenu [90m(0.7383ms)[39m[39m
[32mΓ£ö command palette fuzzy search [90m(20.7887ms)[39m[39m
Γû╢ sources.js data integrity
  [32mΓ£ö nvidiaNim is a non-empty array [90m(0.3292ms)[39m[39m
  [32mΓ£ö every model entry has [modelId, label, tier, sweScore, ctx] structure [90m(0.5336ms)[39m[39m
  [32mΓ£ö all tiers are valid [90m(0.3107ms)[39m[39m
  [32mΓ£ö no duplicate model IDs [90m(0.7606ms)[39m[39m
  [32mΓ£ö MODELS flat array matches sources count [90m(0.2875ms)[39m[39m
  [32mΓ£ö sources object has nvidia key with correct structure [90m(0.2224ms)[39m[39m
[32mΓ£ö sources.js data integrity [90m(3.3531ms)[39m[39m
Γû╢ getAvg
  [32mΓ£ö returns Infinity when no pings [90m(0.4103ms)[39m[39m
  [32mΓ£ö returns Infinity when no successful pings [90m(0.2026ms)[39m[39m
  [32mΓ£ö calculates average from successful pings only [90m(0.1257ms)[39m[39m
  [32mΓ£ö includes 401 pings because no-key responses still measure real latency [90m(0.2026ms)[39m[39m
  [32mΓ£ö rounds to integer [90m(0.1242ms)[39m[39m
[32mΓ£ö getAvg [90m(1.339ms)[39m[39m
Γû╢ getVerdict
  [32mΓ£ö returns Overloaded for 429 status [90m(0.2486ms)[39m[39m
  [32mΓ£ö returns Perfect for fast avg (<400ms) [90m(0.168ms)[39m[39m
  [32mΓ£ö returns Normal for avg 400-999ms [90m(0.1265ms)[39m[39m
  [32mΓ£ö returns Slow for avg 1000-2999ms [90m(0.2787ms)[39m[39m
  [32mΓ£ö returns Very Slow for avg 3000-4999ms [90m(0.1988ms)[39m[39m
  [32mΓ£ö returns Unstable for timeout with prior success [90m(0.2668ms)[39m[39m
  [32mΓ£ö returns Not Active for timeout without prior success [90m(0.0949ms)[39m[39m
  [32mΓ£ö returns Pending when no successful pings and status is up [90m(0.0697ms)[39m[39m
  [32mΓ£ö uses 401-only latency samples for noauth verdicts [90m(0.1019ms)[39m[39m
[32mΓ£ö getVerdict [90m(1.8336ms)[39m[39m
Γû╢ getUptime
  [32mΓ£ö returns 0 when no pings [90m(0.1228ms)[39m[39m
  [32mΓ£ö returns 100 when all pings succeed [90m(0.0822ms)[39m[39m
  [32mΓ£ö returns 50 when half succeed [90m(0.0712ms)[39m[39m
  [32mΓ£ö returns 0 when none succeed [90m(0.0686ms)[39m[39m
[32mΓ£ö getUptime [90m(0.4586ms)[39m[39m
Γû╢ provider key test model discovery
  [32mΓ£ö derives /models from a chat completions url [90m(0.1701ms)[39m[39m
  [32mΓ£ö returns null when the provider url is not chat/completions [90m(0.0585ms)[39m[39m
  [32mΓ£ö parses model ids from an OpenAI-style /models payload [90m(0.2731ms)[39m[39m
  [32mΓ£ö prioritizes the SambaNova override ahead of discovered and static ids [90m(0.2631ms)[39m[39m
  [32mΓ£ö uses discovered repo-known ids before the static catalog head for NVIDIA [90m(0.1307ms)[39m[39m
  [32mΓ£ö falls back to static models when no discovery data exists [90m(0.1167ms)[39m[39m
[32mΓ£ö provider key test model discovery [90m(1.1799ms)[39m[39m
Γû╢ classifyProviderTestOutcome
  [32mΓ£ö returns ok when any probe succeeds [90m(0.1814ms)[39m[39m
  [32mΓ£ö returns fail on auth errors [90m(0.1467ms)[39m[39m
  [32mΓ£ö returns rate_limited when all attempted probes are throttled [90m(0.0857ms)[39m[39m
  [32mΓ£ö returns no_callable_model when every attempted model is missing [90m(0.0751ms)[39m[39m
  [32mΓ£ö falls back to fail for mixed non-auth transport or server errors [90m(0.0681ms)[39m[39m
[32mΓ£ö classifyProviderTestOutcome [90m(0.7059ms)[39m[39m
Γû╢ buildProviderTestDetail
  [32mΓ£ö mentions auth rejection and attempt history [90m(0.3423ms)[39m[39m
  [32mΓ£ö explains rate limiting separately from auth failure [90m(0.1752ms)[39m[39m
[32mΓ£ö buildProviderTestDetail [90m(0.5889ms)[39m[39m
Γû╢ getP95
  [32mΓ£ö returns Infinity when no pings [90m(0.2536ms)[39m[39m
  [32mΓ£ö returns Infinity when no successful pings [90m(0.091ms)[39m[39m
  [32mΓ£ö returns the single value when one ping [90m(0.0676ms)[39m[39m
  [32mΓ£ö returns the highest value for small sets [90m(0.0892ms)[39m[39m
  [32mΓ£ö ignores non-200 pings [90m(0.1716ms)[39m[39m
  [32mΓ£ö includes 401 pings in percentile calculations [90m(0.1603ms)[39m[39m
  [32mΓ£ö catches tail latency spikes with 20 pings [90m(0.1511ms)[39m[39m
[32mΓ£ö getP95 [90m(2.6494ms)[39m[39m
Γû╢ getJitter
  [32mΓ£ö returns 0 when no pings [90m(0.2009ms)[39m[39m
  [32mΓ£ö returns 0 when only one ping [90m(0.0808ms)[39m[39m
  [32mΓ£ö returns 0 when all pings are identical [90m(0.0936ms)[39m[39m
  [32mΓ£ö calculates correct jitter for known values [90m(0.0671ms)[39m[39m
  [32mΓ£ö ignores non-200 pings [90m(0.0691ms)[39m[39m
  [32mΓ£ö includes 401 pings in jitter calculations [90m(0.0673ms)[39m[39m
  [32mΓ£ö returns high jitter for spiky latencies [90m(0.076ms)[39m[39m
[32mΓ£ö getJitter [90m(0.922ms)[39m[39m
Γû╢ getStabilityScore
  [32mΓ£ö returns -1 when no successful pings [90m(0.188ms)[39m[39m
  [32mΓ£ö returns high score for consistent fast model [90m(0.1017ms)[39m[39m
  [32mΓ£ö computes a stability score from 401 latency samples too [90m(0.0807ms)[39m[39m
  [32mΓ£ö returns low score for spiky model [90m(0.091ms)[39m[39m
  [32mΓ£ö penalizes low uptime [90m(0.0942ms)[39m[39m
  [32mΓ£ö Model B (consistent 400ms) scores higher than Model A (avg 250ms, spiky p95) [90m(0.105ms)[39m[39m
  [32mΓ£ö score is between 0 and 100 for valid data [90m(0.0744ms)[39m[39m
[32mΓ£ö getStabilityScore [90m(0.8838ms)[39m[39m
Γû╢ getVerdict stability-aware
  [32mΓ£ö returns Spiky for normal avg but terrible p95 (ΓëÑ3 pings) [90m(0.1373ms)[39m[39m
  [32mΓ£ö still returns Perfect for fast avg when p95 is fine [90m(0.083ms)[39m[39m
  [32mΓ£ö does not flag Spiky with only 1-2 pings (not enough data) [90m(0.155ms)[39m[39m
  [32mΓ£ö Spiky is in VERDICT_ORDER [90m(0.0939ms)[39m[39m
[32mΓ£ö getVerdict stability-aware [90m(0.6217ms)[39m[39m
Γû╢ filterByTier
  [32mΓ£ö filters S tier (S+ and S) [90m(0.1502ms)[39m[39m
  [32mΓ£ö filters A tier (A+, A, A-) [90m(0.0632ms)[39m[39m
  [32mΓ£ö filters B tier (B+, B) [90m(0.0564ms)[39m[39m
  [32mΓ£ö filters C tier (C only) [90m(0.0572ms)[39m[39m
  [32mΓ£ö is case-insensitive [90m(0.0573ms)[39m[39m
  [32mΓ£ö returns null for invalid tier [90m(0.0524ms)[39m[39m
[32mΓ£ö filterByTier [90m(0.5592ms)[39m[39m
Γû╢ sortResults
  [32mΓ£ö sorts by avg ascending [90m(0.4444ms)[39m[39m
  [32mΓ£ö sorts by avg descending [90m(0.1963ms)[39m[39m
  [32mΓ£ö sorts by tier [90m(0.3218ms)[39m[39m
  [32mΓ£ö sorts by model name [90m(0.1759ms)[39m[39m
  [32mΓ£ö sorts by ctx (context window) ascending [90m(0.3034ms)[39m[39m
  [32mΓ£ö sorts by ctx with million tokens [90m(0.373ms)[39m[39m
  [32mΓ£ö does not mutate original array [90m(0.2212ms)[39m[39m
  [32mΓ£ö sorts by stability descending (most stable first) [90m(0.2459ms)[39m[39m
  [32mΓ£ö sorts by usage ascending (low usagePercent first) [90m(0.2077ms)[39m[39m
  [32mΓ£ö sorts by usage descending (high usagePercent first) [90m(0.1834ms)[39m[39m
  [32mΓ£ö treats missing usagePercent as 0 when sorting by usage ascending [90m(0.1453ms)[39m[39m
[32mΓ£ö sortResults [90m(3.4893ms)[39m[39m
Γû╢ renderTable health labels
  [32mΓ£ö renders explicit labels for common HTTP failure codes [90m(4.7052ms)[39m[39m
  [32mΓ£ö renders auth failure distinctly from missing key [90m(0.7579ms)[39m[39m
[32mΓ£ö renderTable health labels [90m(5.58ms)[39m[39m
Γû╢ renderTable outdated footer banner
  [32mΓ£ö renders a dedicated update banner when startup auto-check already found a newer version [90m(1.6982ms)[39m[39m
  [32mΓ£ö stays quiet when no newer version is known [90m(1.1593ms)[39m[39m
  [32mΓ£ö shows the active custom text filter badge between changelog and exit hints [90m(1.1123ms)[39m[39m
  [32mΓ£ö stays quiet in dev-mode render paths even if npm has a newer published version [90m(0.4605ms)[39m[39m
  [32mΓ£ö skips the narrow-terminal overlay when terminal width is 80 columns or wider [90m(0.5296ms)[39m[39m
[32mΓ£ö renderTable outdated footer banner [90m(5.2011ms)[39m[39m
Γû╢ renderTable responsive column visibility
  [32mΓ£ö shows all columns and full labels at very wide terminal (200 cols) [90m(0.6426ms)[39m[39m
  [32mΓ£ö uses compact labels in compact mode (slightly narrow) [90m(0.5835ms)[39m[39m
  [32mΓ£ö hides Rank column first when too narrow for compact [90m(0.4321ms)[39m[39m
  [32mΓ£ö hides Rank and Up% at narrower widths [90m(0.3947ms)[39m[39m
  [32mΓ£ö hides Rank, Up%, and Tier at even narrower widths [90m(0.5974ms)[39m[39m
  [32mΓ£ö hides all 4 optional columns at very narrow widths [90m(2.579ms)[39m[39m
  [32mΓ£ö truncates provider name to 4 chars + ellipsis in compact mode [90m(0.5555ms)[39m[39m
  [32mΓ£ö truncates health status text in compact mode [90m(0.4326ms)[39m[39m
[32mΓ£ö renderTable responsive column visibility [90m(6.4722ms)[39m[39m
Γû╢ renderSettings provider test badges
  [32mΓ£ö shows Test when a provider has a saved key but no test ran yet [90m(2.1764ms)[39m[39m
  [32mΓ£ö shows Missing Key when a provider has no saved key [90m(0.2337ms)[39m[39m
  [32mΓ£ö does not show the removed Small Width Warnings toggle in settings [90m(0.1989ms)[39m[39m
  [32mΓ£ö shows the global theme row with the resolved auto label [90m(0.2469ms)[39m[39m
[32mΓ£ö renderSettings provider test badges [90m(2.9847ms)[39m[39m
Γû╢ findBestModel
  [32mΓ£ö returns null for empty array [90m(0.28ms)[39m[39m
  [32mΓ£ö prefers model that is up [90m(0.1264ms)[39m[39m
  [32mΓ£ö prefers fastest avg when both up [90m(0.081ms)[39m[39m
  [32mΓ£ö prefers higher uptime when avg is equal [90m(0.0816ms)[39m[39m
  [32mΓ£ö prefers more stable model when avg is equal [90m(0.1251ms)[39m[39m
[32mΓ£ö findBestModel [90m(0.8299ms)[39m[39m
Γû╢ renderToolInstallPrompt
  [32mΓ£ö renders the official install command for a missing launcher [90m(0.7089ms)[39m[39m
[32mΓ£ö renderToolInstallPrompt [90m(0.7646ms)[39m[39m
Γû╢ parseArgs
  [32mΓ£ö extracts API key from first non-flag arg [90m(0.4639ms)[39m[39m
  [32mΓ£ö returns null apiKey when none given [90m(0.0874ms)[39m[39m
  [32mΓ£ö detects --best flag [90m(0.1005ms)[39m[39m
  [32mΓ£ö detects --fiable flag [90m(0.0733ms)[39m[39m
  [32mΓ£ö detects --premium flag [90m(0.091ms)[39m[39m
  [32mΓ£ö detects --opencode flag [90m(0.1118ms)[39m[39m
  [32mΓ£ö detects --openclaw flag [90m(0.1385ms)[39m[39m
  [32mΓ£ö detects --opencode-desktop flag [90m(0.121ms)[39m[39m
  [32mΓ£ö detects external tool flags [90m(0.1044ms)[39m[39m
  [32mΓ£ö detects --no-telemetry flag [90m(0.0615ms)[39m[39m
  [32mΓ£ö detects --help and -h flags [90m(0.0644ms)[39m[39m
  [32mΓ£ö parses --tier value [90m(0.1443ms)[39m[39m
  [32mΓ£ö returns null tierFilter when --tier has no value [90m(0.1159ms)[39m[39m
  [32mΓ£ö does not capture --tier value as apiKey [90m(0.1031ms)[39m[39m
  [32mΓ£ö handles multiple flags together [90m(0.0664ms)[39m[39m
  [32mΓ£ö flags are case-insensitive [90m(0.0655ms)[39m[39m
[32mΓ£ö parseArgs [90m(2.2765ms)[39m[39m
Γû╢ cli help text
  [32mΓ£ö lists the supported CLI flags for the direct-only app surface [90m(0.5057ms)[39m[39m
[32mΓ£ö cli help text [90m(0.5632ms)[39m[39m
Γû╢ package.json sanity
  [32mΓ£ö has required fields [90m(0.1073ms)[39m[39m
  [32mΓ£ö version matches semver pattern [90m(0.0919ms)[39m[39m
  [32mΓ£ö bin entry points to existing file [90m(0.3798ms)[39m[39m
  [32mΓ£ö main entry points to existing file [90m(0.1786ms)[39m[39m
  [32mΓ£ö type is module (ESM) [90m(0.0593ms)[39m[39m
  [32mΓ£ö engines requires node >= 18 [90m(0.0666ms)[39m[39m
[32mΓ£ö package.json sanity [90m(1.0128ms)[39m[39m
Γû╢ CLI entry point sanity
  [32mΓ£ö has shebang line [90m(0.078ms)[39m[39m
  [32mΓ£ö imports from sources.js [90m(0.0443ms)[39m[39m
  [32mΓ£ö imports from lib/utils.js [90m(0.0548ms)[39m[39m
[32mΓ£ö CLI entry point sanity [90m(0.2631ms)[39m[39m
Γû╢ constants consistency
  [32mΓ£ö TIER_ORDER covers all tiers used in sources [90m(0.1553ms)[39m[39m
  [32mΓ£ö TIER_LETTER_MAP covers all tier letters [90m(0.0784ms)[39m[39m
  [32mΓ£ö all TIER_LETTER_MAP values are subsets of TIER_ORDER [90m(0.0938ms)[39m[39m
[32mΓ£ö constants consistency [90m(0.3957ms)[39m[39m
Γû╢ Smart Recommend constants
  [32mΓ£ö TASK_TYPES has expected keys [90m(0.1111ms)[39m[39m
  [32mΓ£ö TASK_TYPES weights sum to 1.0 for each task [90m(0.0944ms)[39m[39m
  [32mΓ£ö PRIORITY_TYPES has expected keys [90m(0.1044ms)[39m[39m
  [32mΓ£ö PRIORITY_TYPES balanced has 1.0 multipliers [90m(0.0725ms)[39m[39m
  [32mΓ£ö CONTEXT_BUDGETS has expected keys [90m(0.1076ms)[39m[39m
  [32mΓ£ö CONTEXT_BUDGETS have ascending idealCtx [90m(0.0719ms)[39m[39m
[32mΓ£ö Smart Recommend constants [90m(0.7232ms)[39m[39m
Γû╢ scoreModelForTask
  [32mΓ£ö returns 0 for invalid task type [90m(0.376ms)[39m[39m
  [32mΓ£ö returns 0 for invalid priority [90m(0.0723ms)[39m[39m
  [32mΓ£ö returns 0 for invalid context budget [90m(0.068ms)[39m[39m
  [32mΓ£ö returns a score between 0 and 100 [90m(0.2322ms)[39m[39m
  [32mΓ£ö penalizes down models [90m(0.1524ms)[39m[39m
  [32mΓ£ö penalizes timeout models [90m(0.2057ms)[39m[39m
  [32mΓ£ö higher SWE score gives higher score for quality-focused tasks [90m(0.2529ms)[39m[39m
  [32mΓ£ö faster model scores better for speed-focused quickfix [90m(0.2407ms)[39m[39m
  [32mΓ£ö larger context model scores better for large codebase budget [90m(0.2228ms)[39m[39m
  [32mΓ£ö handles missing SWE score (dash) [90m(0.1645ms)[39m[39m
  [32mΓ£ö handles missing context (dash) [90m(0.1668ms)[39m[39m
  [32mΓ£ö handles no pings (Infinity avg) [90m(0.1688ms)[39m[39m
  [32mΓ£ö handles 1m context [90m(0.1875ms)[39m[39m
[32mΓ£ö scoreModelForTask [90m(2.9605ms)[39m[39m
Γû╢ getTopRecommendations
  [32mΓ£ö returns topN results [90m(0.4556ms)[39m[39m
  [32mΓ£ö returns results sorted by score descending [90m(0.3994ms)[39m[39m
  [32mΓ£ö excludes hidden results [90m(0.1848ms)[39m[39m
  [32mΓ£ö returns fewer than topN if not enough results [90m(0.114ms)[39m[39m
  [32mΓ£ö each result has result and score fields [90m(0.1135ms)[39m[39m
[32mΓ£ö getTopRecommendations [90m(1.479ms)[39m[39m
Γû╢ parseArgs --recommend
  [32mΓ£ö parses --recommend flag [90m(0.1409ms)[39m[39m
  [32mΓ£ö recommendMode defaults to false [90m(0.1286ms)[39m[39m
[32mΓ£ö parseArgs --recommend [90m(0.3406ms)[39m[39m
Γû╢ config profile functions
  [32mΓ£ö _emptyProfileSettings returns expected shape [90m(0.1123ms)[39m[39m
  [32mΓ£ö defaults configured-only mode and preferred tool mode in profile settings [90m(0.0666ms)[39m[39m
[32mΓ£ö config profile functions [90m(0.2483ms)[39m[39m
Γû╢ buildPersistedConfig
  [32mΓ£ö preserves disk apiKeys and favorites when a stale snapshot saves unrelated changes [90m(0.8064ms)[39m[39m
  [32mΓ£ö can exactly replace favorites when the caller intentionally removes one [90m(0.1947ms)[39m[39m
  [32mΓ£ö can exactly replace apiKeys when a provider key is intentionally removed [90m(0.2193ms)[39m[39m
  [32mΓ£ö can exactly replace tracked endpoint installs when managed catalogs are rewritten [90m(0.3003ms)[39m[39m
[32mΓ£ö buildPersistedConfig [90m(1.6724ms)[39m[39m
Γû╢ formatCtxWindow
  [32mΓ£ö converts 128000 to 128k [90m(0.3155ms)[39m[39m
  [32mΓ£ö converts 256000 to 256k [90m(0.0641ms)[39m[39m
  [32mΓ£ö converts 1048576 to 1M [90m(0.1184ms)[39m[39m
  [32mΓ£ö converts 2000000 to 2M [90m(0.0844ms)[39m[39m
  [32mΓ£ö converts 32768 to 33k (rounds) [90m(0.0842ms)[39m[39m
  [32mΓ£ö returns 128k for zero [90m(0.0521ms)[39m[39m
  [32mΓ£ö returns 128k for negative [90m(0.0507ms)[39m[39m
  [32mΓ£ö returns 128k for non-number [90m(0.0577ms)[39m[39m
[32mΓ£ö formatCtxWindow [90m(1.0466ms)[39m[39m
Γû╢ labelFromId
  [32mΓ£ö strips :free suffix and org prefix [90m(0.2187ms)[39m[39m
  [32mΓ£ö handles deep nested org paths [90m(0.0881ms)[39m[39m
  [32mΓ£ö handles underscore-separated names [90m(0.0658ms)[39m[39m
  [32mΓ£ö handles ID without org prefix [90m(0.0955ms)[39m[39m
  [32mΓ£ö handles ID without :free suffix [90m(0.0925ms)[39m[39m
[32mΓ£ö labelFromId [90m(0.7009ms)[39m[39m
Γû╢ token-usage-reader
  [32mΓ£ö buildProviderModelTokenKey combines provider and model [90m(0.1167ms)[39m[39m
  [32mΓ£ö formatTokenTotalCompact renders raw, k, and M with 2 decimals [90m(0.0939ms)[39m[39m
  [32mΓ£ö loadTokenUsageByProviderModel aggregates tokens per exact provider/model pair [90m(2.9561ms)[39m[39m
[32mΓ£ö token-usage-reader [90m(3.2771ms)[39m[39m
Γû╢ /testfcm helpers
  [32mΓ£ö normalizes common tool aliases to canonical launcher modes [90m(0.3157ms)[39m[39m
  [32mΓ£ö resolves a known tool spec and keeps its CLI flag [90m(0.165ms)[39m[39m
  [32mΓ£ö treats string and array API key entries as configured only when non-empty [90m(0.1378ms)[39m[39m
  [32mΓ£ö builds compact run ids from timestamps [90m(2.3886ms)[39m[39m
  [32mΓ£ö extracts JSON arrays from mixed stdout text [90m(0.2114ms)[39m[39m
  [32mΓ£ö picks the first clearly healthy preflight row before pressing Enter [90m(0.3303ms)[39m[39m
  [32mΓ£ö classifies a successful assistant transcript [90m(0.1649ms)[39m[39m
  [32mΓ£ö classifies invalid API failures and emits a follow-up task [90m(0.4943ms)[39m[39m
  [32mΓ£ö flags PTY width warnings as actionable harness failures [90m(0.3685ms)[39m[39m
  [32mΓ£ö stays inconclusive when no success or known failure pattern exists [90m(0.0991ms)[39m[39m
[32mΓ£ö /testfcm helpers [90m(4.9855ms)[39m[39m
Γû╢ tool launcher env building
  [32mΓ£ö sanitizes inherited OpenAI-compatible vars for direct launches [90m(0.373ms)[39m[39m
  [32mΓ£ö keeps launcher model ids provider-native in direct mode [90m(0.1474ms)[39m[39m
[32mΓ£ö tool launcher env building [90m(0.6563ms)[39m[39m
Γû╢ tool bootstrap helpers
  [32mΓ£ö returns the npm install plan for opencode [90m(0.1857ms)[39m[39m
  [32mΓ£ö returns the official goose installer script on linux [90m(0.1718ms)[39m[39m
  [32mΓ£ö marks OpenHands auto-install unsupported on native Windows [90m(0.1029ms)[39m[39m
  [32mΓ£ö resolves a fake tool binary from PATH without spawning it [90m(4.0753ms)[39m[39m
[32mΓ£ö tool bootstrap helpers [90m(4.6999ms)[39m[39m
Γû╢ tool compatibility matrix
  [32mΓ£ö regular providers are compatible with all non-cliOnly tools [90m(0.3225ms)[39m[39m
  [32mΓ£ö rovo models are only compatible with rovo [90m(0.1302ms)[39m[39m
  [32mΓ£ö gemini models are only compatible with gemini [90m(0.1121ms)[39m[39m
  [32mΓ£ö opencode-zen models are only compatible with opencode and opencode-desktop [90m(0.0715ms)[39m[39m
  [32mΓ£ö isModelCompatibleWithTool returns true for matching pairs [90m(0.0685ms)[39m[39m
  [32mΓ£ö isModelCompatibleWithTool returns false for incompatible pairs [90m(0.0641ms)[39m[39m
  [32mΓ£ö every tool in TOOL_MODE_ORDER has an emoji and color [90m(0.1128ms)[39m[39m
  [32mΓ£ö all tool emojis are unique (except OpenCode CLI/Desktop sharing ≡ƒôª) [90m(0.1249ms)[39m[39m
  [32mΓ£ö sources.js opencode-zen has zenOnly flag [90m(0.1439ms)[39m[39m
  [32mΓ£ö findSimilarCompatibleModels returns models sorted by SWE delta [90m(0.4041ms)[39m[39m
  [32mΓ£ö findSimilarCompatibleModels excludes incompatible models [90m(0.1279ms)[39m[39m
  [32mΓ£ö findSimilarCompatibleModels excludes hidden models [90m(0.0841ms)[39m[39m
  [32mΓ£ö findSimilarCompatibleModels respects maxResults limit [90m(0.1351ms)[39m[39m
  [32mΓ£ö findSimilarCompatibleModels handles missing SWE scores gracefully [90m(0.1465ms)[39m[39m
[32mΓ£ö tool compatibility matrix [90m(2.4211ms)[39m[39m
Γû╢ tool launch preparation
  [32mΓ£ö persists the selected model into every external tool before launch [90m(20.1306ms)[39m[39m
[32mΓ£ö tool launch preparation [90m(20.2621ms)[39m[39m
Γû╢ openclaw selected model persistence
  [32mΓ£ö writes the selected provider/model as the OpenClaw default instead of forcing nvidia [90m(5.4038ms)[39m[39m
[32mΓ£ö openclaw selected model persistence [90m(5.4977ms)[39m[39m
Γû╢ endpoint install tracking
  [32mΓ£ö exposes only persisted-config install targets in the Y install list [90m(0.2005ms)[39m[39m
  [32mΓ£ö normalizes tracked installs to canonical shape [90m(0.1809ms)[39m[39m
  [32mΓ£ö lists only configured providers that support direct endpoint installs [90m(0.4774ms)[39m[39m
[32mΓ£ö endpoint install tracking [90m(0.9874ms)[39m[39m
Γû╢ endpoint installer
  [32mΓ£ö installs a managed OpenCode provider catalog and tracks it canonically [90m(7.8286ms)[39m[39m
  [32mΓ£ö installs Goose custom provider metadata and persists the matching secret [90m(7.2567ms)[39m[39m
[32mΓ£ö endpoint installer [90m(15.1939ms)[39m[39m
Γû╢ legacy proxy cleanup
  [32mΓ£ö removes discontinued proxy fields from the main config while preserving direct installs [90m(7.65ms)[39m[39m
  [32mΓ£ö removes proxy-only env files and shell sourcing lines [90m(5.5102ms)[39m[39m
  [32mΓ£ö removes legacy Goose and Qwen proxy entries but keeps direct providers [90m(10.0356ms)[39m[39m
  [32mΓ£ö keeps a direct OpenHands env file but removes the old localhost proxy variant [90m(4.598ms)[39m[39m
[32mΓ£ö legacy proxy cleanup [90m(27.9899ms)[39m[39m
Γû╢ Dynamic OpenRouter MODELS mutation
  [32mΓ£ö MODELS array contains openrouter entries from static sources [90m(0.2342ms)[39m[39m
  [32mΓ£ö all openrouter entries have valid tuple format [id, label, tier, swe, ctx, providerKey] [90m(0.4084ms)[39m[39m
  [32mΓ£ö MODELS array is mutable (can splice and push) [90m(0.1171ms)[39m[39m
[32mΓ£ö Dynamic OpenRouter MODELS mutation [90m(0.8854ms)[39m[39m
Γû╢ Custom text filter matching logic
  [32mΓ£ö matches model name (case-insensitive) [90m(0.2613ms)[39m[39m
  [32mΓ£ö matches partial model name [90m(0.0973ms)[39m[39m
  [32mΓ£ö matches context window string [90m(0.0911ms)[39m[39m
  [32mΓ£ö matches provider key [90m(0.1321ms)[39m[39m
  [32mΓ£ö matches provider display name [90m(0.1594ms)[39m[39m
  [32mΓ£ö returns false for non-matching query [90m(0.0927ms)[39m[39m
  [32mΓ£ö returns true when query is null or empty [90m(0.0938ms)[39m[39m
  [32mΓ£ö filters a list of models correctly [90m(0.1244ms)[39m[39m
  [32mΓ£ö stacks with other filters (simulated tier + text) [90m(0.1278ms)[39m[39m
[32mΓ£ö Custom text filter matching logic [90m(1.458ms)[39m[39m
Γû╢ sortResultsWithPinnedFavorites normal sort order
  [32mΓ£ö returns normal rank sort order ΓÇö no partitioning by tool compatibility [90m(0.1727ms)[39m[39m
  [32mΓ£ö recommended models still pinned above others [90m(0.1477ms)[39m[39m
  [32mΓ£ö favorites pinned above non-favorites when pinFavorites=true [90m(0.1164ms)[39m[39m
[32mΓ£ö sortResultsWithPinnedFavorites normal sort order [90m(0.5263ms)[39m[39m
Γû╢ parseMouseEvents
  [32mΓ£ö parses a left-click press event [90m(0.5112ms)[39m[39m
  [32mΓ£ö parses a left-click release event [90m(0.1173ms)[39m[39m
  [32mΓ£ö parses a right-click press event [90m(0.1036ms)[39m[39m
  [32mΓ£ö parses a middle-click event [90m(0.0956ms)[39m[39m
  [32mΓ£ö parses scroll-up event [90m(0.1351ms)[39m[39m
  [32mΓ£ö parses scroll-down event [90m(0.1206ms)[39m[39m
  [32mΓ£ö parses drag event [90m(0.0941ms)[39m[39m
  [32mΓ£ö detects shift modifier [90m(0.0879ms)[39m[39m
  [32mΓ£ö detects meta/alt modifier [90m(0.0803ms)[39m[39m
  [32mΓ£ö detects ctrl modifier [90m(0.0787ms)[39m[39m
  [32mΓ£ö detects combined modifiers (shift + ctrl) [90m(0.0862ms)[39m[39m
  [32mΓ£ö parses multiple events from a single data chunk [90m(0.1038ms)[39m[39m
  [32mΓ£ö returns empty array for non-mouse data [90m(0.111ms)[39m[39m
  [32mΓ£ö handles Buffer input [90m(0.1749ms)[39m[39m
  [32mΓ£ö parses large coordinates (> 223 columns) [90m(0.0891ms)[39m[39m
[32mΓ£ö parseMouseEvents [90m(2.3349ms)[39m[39m
Γû╢ containsMouseSequence
  [32mΓ£ö returns true for SGR mouse data [90m(0.1479ms)[39m[39m
  [32mΓ£ö returns true for partial mouse prefix in mixed data [90m(0.0752ms)[39m[39m
  [32mΓ£ö returns false for regular keypress data [90m(0.0766ms)[39m[39m
  [32mΓ£ö returns false for empty string [90m(0.0697ms)[39m[39m
  [32mΓ£ö handles Buffer input [90m(0.1041ms)[39m[39m
[32mΓ£ö containsMouseSequence [90m(0.5882ms)[39m[39m
Γû╢ createMouseHandler
  [32mΓ£ö emits click on left-button release [90m(0.3698ms)[39m[39m
  [32mΓ£ö does not emit click on press alone (only on release) [90m(0.0794ms)[39m[39m
  [32mΓ£ö emits scroll events immediately (no press/release) [90m(0.0907ms)[39m[39m
  [32mΓ£ö emits drag events [90m(0.09ms)[39m[39m
  [32mΓ£ö emits right-click on right-button release [90m(0.0974ms)[39m[39m
  [32mΓ£ö detects double-click on same position within timeout [90m(0.0953ms)[39m[39m
  [32mΓ£ö does not double-click on different positions [90m(0.0884ms)[39m[39m
  [32mΓ£ö ignores non-mouse data [90m(0.0655ms)[39m[39m
  [32mΓ£ö third rapid click does not trigger another double-click [90m(0.1045ms)[39m[39m
[32mΓ£ö createMouseHandler [90m(1.2322ms)[39m[39m
Γû╢ MOUSE_ENABLE / MOUSE_DISABLE sequences
  [32mΓ£ö MOUSE_ENABLE contains all required mode activations [90m(0.081ms)[39m[39m
  [32mΓ£ö MOUSE_DISABLE contains all required mode deactivations [90m(0.0583ms)[39m[39m
  [32mΓ£ö MOUSE_DISABLE reverses MOUSE_ENABLE modes in opposite order [90m(0.103ms)[39m[39m
[32mΓ£ö MOUSE_ENABLE / MOUSE_DISABLE sequences [90m(0.3045ms)[39m[39m
Γû╢ COLUMN_SORT_MAP
  [32mΓ£ö maps rank column to rank sort key [90m(0.3221ms)[39m[39m
  [32mΓ£ö maps tier column to null (triggers filter cycle, not sort) [90m(0.1204ms)[39m[39m
  [32mΓ£ö maps swe column to swe sort key [90m(0.1074ms)[39m[39m
  [32mΓ£ö maps ctx column to ctx sort key [90m(0.1023ms)[39m[39m
  [32mΓ£ö maps model column to model sort key [90m(0.0889ms)[39m[39m
  [32mΓ£ö maps source column to origin sort key [90m(0.1112ms)[39m[39m
  [32mΓ£ö maps ping column to ping sort key [90m(0.0889ms)[39m[39m
  [32mΓ£ö maps avg column to avg sort key [90m(0.0644ms)[39m[39m
  [32mΓ£ö maps health column to condition sort key [90m(0.0629ms)[39m[39m
  [32mΓ£ö maps verdict column to verdict sort key [90m(0.0689ms)[39m[39m
  [32mΓ£ö maps stability column to stability sort key [90m(0.0721ms)[39m[39m
  [32mΓ£ö maps uptime column to uptime sort key [90m(0.0922ms)[39m[39m
  [32mΓ£ö has entries for all expected columns [90m(0.1447ms)[39m[39m
[32mΓ£ö COLUMN_SORT_MAP [90m(1.7295ms)[39m[39m
Γû╢ detectPackageManager
  [32mΓ£ö returns a valid package manager string [90m(0.1708ms)[39m[39m
[32mΓ£ö detectPackageManager [90m(0.2197ms)[39m[39m
Γû╢ getInstallArgs
  [32mΓ£ö returns npm install args by default [90m(0.2007ms)[39m[39m
  [32mΓ£ö returns bun install args [90m(0.1148ms)[39m[39m
  [32mΓ£ö returns pnpm install args [90m(0.1604ms)[39m[39m
  [32mΓ£ö returns yarn install args [90m(0.1466ms)[39m[39m
  [32mΓ£ö falls back to npm for unknown pm [90m(0.0938ms)[39m[39m
[32mΓ£ö getInstallArgs [90m(0.8316ms)[39m[39m
Γû╢ getManualInstallCmd
  [32mΓ£ö returns npm command string [90m(0.1484ms)[39m[39m
  [32mΓ£ö returns bun command string [90m(0.0631ms)[39m[39m
  [32mΓ£ö returns pnpm command string [90m(0.0917ms)[39m[39m
  [32mΓ£ö returns yarn command string [90m(0.0553ms)[39m[39m
[32mΓ£ö getManualInstallCmd [90m(0.4336ms)[39m[39m
[34mΓä╣ tests 298[39m
[34mΓä╣ suites 54[39m
[34mΓä╣ pass 298[39m
[34mΓä╣ fail 0[39m
[34mΓä╣ cancelled 0[39m
[34mΓä╣ skipped 0[39m
[34mΓä╣ todo 0[39m
[34mΓä╣ duration_ms 220.5553[39m
